2026-02-17 10:40:25.801 | 17592 | Процесс запустился с PID 17592 в 2026-02-17 10:40:25
2026-02-17 10:40:28.818 | 17592 | Стал мастер-процессом
2026-02-17 10:40:28.818 | 17592 | Запускаю новых клонов
2026-02-17 10:40:28.829 | 17592 | Started clone 1 with PID 11452
2026-02-17 10:40:28.831 | 17592 | Started clone 2 with PID 14284
2026-02-17 10:40:28.832 | PID: 11452 | Clone 1 started
2026-02-17 10:40:28.832 | PID: 11452 | Clone 1 увеличил counter на 10, новое значение: 19
2026-02-17 10:40:28.833 | PID: 11452 | Clone 1 finished
2026-02-17 10:40:28.833 | PID: 14284 | Clone 2 started
2026-02-17 10:40:28.834 | PID: 14284 | Clone 2 удвоил counter, новое значение: 38
2026-02-17 10:40:29.828 | 17592 | counter 41
2026-02-17 10:40:30.838 | 17592 | counter 22
2026-02-17 10:40:30.839 | PID: 14284 | Clone 2 уменьшил counter в 2 раза, новое значение: 22
2026-02-17 10:40:30.839 | PID: 14284 | Clone 2 finished
2026-02-17 10:40:31.837 | 17592 | Запускаю новых клонов
2026-02-17 10:40:31.839 | 17592 | Started clone 1 with PID 4672
2026-02-17 10:40:31.841 | 17592 | Started clone 2 with PID 20892
2026-02-17 10:40:31.842 | PID: 4672 | Clone 1 started
2026-02-17 10:40:31.843 | PID: 4672 | Clone 1 увеличил counter на 10, новое значение: 35
2026-02-17 10:40:31.843 | PID: 4672 | Clone 1 finished
2026-02-17 10:40:31.843 | PID: 20892 | Clone 2 started
2026-02-17 10:40:31.844 | PID: 20892 | Clone 2 удвоил counter, новое значение: 70
2026-02-17 10:40:31.852 | 17592 | counter 70
2026-02-17 10:40:32.856 | 17592 | counter 73
2026-02-17 10:40:33.855 | PID: 20892 | Clone 2 уменьшил counter в 2 раза, новое значение: 38
2026-02-17 10:40:33.855 | PID: 20892 | Clone 2 finished
2026-02-17 10:40:33.870 | 17592 | counter 38
2026-02-17 10:40:34.856 | 17592 | Запускаю новых клонов
2026-02-17 10:40:34.858 | 17592 | Started clone 1 with PID 17124
2026-02-17 10:40:34.860 | 17592 | Started clone 2 with PID 17228
2026-02-17 10:40:34.861 | PID: 17124 | Clone 1 started
2026-02-17 10:40:34.862 | PID: 17124 | Clone 1 увеличил counter на 10, новое значение: 52
2026-02-17 10:40:34.862 | PID: 17124 | Clone 1 finished
2026-02-17 10:40:34.862 | PID: 17228 | Clone 2 started
2026-02-17 10:40:34.863 | PID: 17228 | Clone 2 удвоил counter, новое значение: 104
2026-02-17 10:40:34.872 | 17592 | counter 104
2026-02-17 10:40:35.881 | 17592 | counter 107
2026-02-17 10:40:36.878 | PID: 17228 | Clone 2 уменьшил counter в 2 раза, новое значение: 55
2026-02-17 10:40:36.878 | PID: 17228 | Clone 2 finished
2026-02-17 10:40:36.891 | 17592 | counter 55
2026-02-17 10:40:37.875 | 17592 | Запускаю новых клонов
2026-02-17 10:40:37.877 | 17592 | Started clone 1 with PID 28220
2026-02-17 10:40:37.879 | 17592 | Started clone 2 with PID 22280
2026-02-17 10:40:37.880 | PID: 28220 | Clone 1 started
2026-02-17 10:40:37.881 | PID: 28220 | Clone 1 увеличил counter на 10, новое значение: 68
2026-02-17 10:40:37.881 | PID: 22280 | Clone 2 started
2026-02-17 10:40:37.881 | PID: 28220 | Clone 1 finished
2026-02-17 10:40:37.881 | PID: 22280 | Clone 2 удвоил counter, новое значение: 136
2026-02-17 10:40:37.906 | 17592 | counter 136
2026-02-17 10:40:38.908 | 17592 | counter 140
2026-02-17 10:40:39.893 | PID: 22280 | Clone 2 уменьшил counter в 2 раза, новое значение: 71
2026-02-17 10:40:39.893 | PID: 22280 | Clone 2 finished
2026-02-17 10:40:39.908 | 17592 | counter 71
2026-02-17 10:40:40.890 | 17592 | Запускаю новых клонов
2026-02-17 10:40:40.893 | 17592 | Started clone 1 with PID 10496
2026-02-17 10:40:40.895 | 17592 | Started clone 2 with PID 12404
2026-02-17 10:40:40.895 | PID: 10496 | Clone 1 started
2026-02-17 10:40:40.896 | PID: 10496 | Clone 1 увеличил counter на 10, новое значение: 84
2026-02-17 10:40:40.896 | PID: 10496 | Clone 1 finished
2026-02-17 10:40:40.897 | PID: 12404 | Clone 2 started
2026-02-17 10:40:40.897 | PID: 12404 | Clone 2 удвоил counter, новое значение: 168
2026-02-17 10:40:40.922 | 17592 | counter 168
2026-02-17 10:40:41.935 | 17592 | counter 171
2026-02-17 10:40:42.906 | PID: 12404 | Clone 2 уменьшил counter в 2 раза, новое значение: 87
2026-02-17 10:40:42.906 | PID: 12404 | Clone 2 finished
2026-02-17 10:40:42.938 | 17592 | counter 87
2026-02-17 10:40:43.909 | 17592 | Запускаю новых клонов
2026-02-17 10:40:43.912 | 17592 | Started clone 1 with PID 26028
2026-02-17 10:40:43.914 | 17592 | Started clone 2 with PID 29624
2026-02-17 10:40:43.916 | PID: 26028 | Clone 1 started
2026-02-17 10:40:43.916 | PID: 26028 | Clone 1 увеличил counter на 10, новое значение: 101
2026-02-17 10:40:43.916 | PID: 29624 | Clone 2 started
2026-02-17 10:40:43.916 | PID: 26028 | Clone 1 finished
2026-02-17 10:40:43.917 | PID: 29624 | Clone 2 удвоил counter, новое значение: 202
2026-02-17 10:40:43.941 | 17592 | counter 202
2026-02-17 10:40:44.946 | 17592 | counter 205
2026-02-17 10:40:45.923 | PID: 29624 | Clone 2 уменьшил counter в 2 раза, новое значение: 103
2026-02-17 10:40:45.923 | PID: 29624 | Clone 2 finished
